../Src/main.c:22:6:enable_all_faults	16	static
../Src/main.c:26:5:illegal_instruction_execution	16	static
../Src/main.c:31:6:divide_by_0	16	static
../Src/main.c:36:5:executing_instruction_from_peripherial_region	16	static
../Src/main.c:43:5:main	8	static
../Src/main.c:60:6:HardFault_Handler	4	static
../Src/main.c:64:6:MemManage_Handler	16	static
../Src/main.c:70:6:BusFault_Handler	4	static
../Src/main.c:74:30:UsageFault_Handler	0	static,ignoring_inline_asm
../Src/main.c:82:6:UsageFault_Handler_c	24	static
