../Src/main.c:39:5:main	8	static
../Src/main.c:56:6:task1_handler	8	static
../Src/main.c:62:6:task2_handler	8	static
../Src/main.c:68:6:task3_handler	8	static
../Src/main.c:74:6:task4_handler	8	static
../Src/main.c:80:6:init_systick_timer	32	static
../Src/main.c:95:29:init_scheduler_stack	0	static,ignoring_inline_asm
../Src/main.c:100:6:init_tasks_stack	24	static
../Src/main.c:118:6:enable_processor_faults	16	static
../Src/main.c:123:10:get_psp_value	4	static
../Src/main.c:127:6:save_psp_value	16	static
../Src/main.c:131:6:update_next_task	4	static
../Src/main.c:136:29:switch_sp_to_psp	0	static,ignoring_inline_asm
../Src/main.c:149:6:SysTick_Handler	4	static,ignoring_inline_asm
