../Src/main.c:28:6:enable_all_faults	16	static
../Src/main.c:52:5:main	8	static
../Src/main.c:69:6:idle_task	4	static
../Src/main.c:73:6:task1_handler	8	static
../Src/main.c:82:6:task2_handler	8	static
../Src/main.c:91:6:task3_handler	8	static
../Src/main.c:100:6:task4_handler	8	static
../Src/main.c:109:10:get_psp_value	4	static
../Src/main.c:113:6:update_next_task	16	static
../Src/main.c:129:6:save_psp_value	16	static
../Src/main.c:134:29:switch_sp_to_psp	0	static,ignoring_inline_asm
../Src/main.c:146:28:PendSV_Handler	0	static,ignoring_inline_asm
../Src/main.c:160:6:unblock_tasks	16	static
../Src/main.c:170:6:update_global_tick_count	4	static
../Src/main.c:175:29:SysTick_Handler	0	static,ignoring_inline_asm
../Src/main.c:187:6:init_tasks_stack	24	static
../Src/main.c:229:6:init_systick_timer	32	static
../Src/main.c:247:29:init_scheduler_stack	0	static,ignoring_inline_asm
../Src/main.c:252:6:schedule	16	static
../Src/main.c:261:6:task_delay	16	static,ignoring_inline_asm
../Src/main.c:271:6:HardFault_Handler	8	static
../Src/main.c:276:6:MemManage_Handler	8	static
../Src/main.c:281:6:BusFault_Handler	8	static
