../Src/main.c:39:5:main	8	static
../Src/main.c:57:6:save_psp_value	16	static
../Src/main.c:61:6:update_next_task	4	static
../Src/main.c:66:10:get_psp_value	4	static
../Src/main.c:70:29:switch_sp_to_psp	0	static,ignoring_inline_asm
../Src/main.c:82:29:init_scheduler_stack	0	static,ignoring_inline_asm
../Src/main.c:87:6:enable_processor_faults	16	static
../Src/main.c:92:6:init_tasks_stack	24	static
../Src/main.c:111:6:init_systick_timer	32	static
../Src/main.c:125:29:task1	0	static
../Src/main.c:134:29:task2	0	static
../Src/main.c:143:29:task3	0	static
../Src/main.c:152:29:task4	0	static
../Src/main.c:162:29:SysTick_Handler	0	static,ignoring_inline_asm
../Src/main.c:176:6:MemManage_Handler	8	static
../Src/main.c:180:6:BusFault_Handler	8	static
../Src/main.c:184:6:UsageFault_Handler	8	static
