../Src/main.c:38:5:main	8	static
../Src/main.c:55:6:save_psp_value	16	static
../Src/main.c:59:6:update_next_task	4	static
../Src/main.c:64:10:get_psp_value	4	static
../Src/main.c:68:29:switch_sp_to_psp	0	static,ignoring_inline_asm
../Src/main.c:80:29:init_scheduler_stack	0	static,ignoring_inline_asm
../Src/main.c:85:6:enable_processor_faults	16	static
../Src/main.c:90:6:init_tasks_stack	24	static
../Src/main.c:109:6:init_systick_timer	32	static
../Src/main.c:123:29:task1	0	static
../Src/main.c:128:29:task2	0	static
../Src/main.c:133:29:task3	0	static
../Src/main.c:138:29:task4	0	static
../Src/main.c:144:29:SysTick_Handler	0	static,ignoring_inline_asm
../Src/main.c:159:6:MemManage_Handler	8	static
../Src/main.c:163:6:BusFault_Handler	8	static
../Src/main.c:167:6:UsageFault_Handler	8	static
