23:52:31 **** Incremental Build of configuration Debug for project fault_handling_exercise1 ****
make -j4 all 
arm-none-eabi-gcc "../Src/main.c" -mcpu=cortex-m4 -std=gnu11 -g3 -DDEBUG -DSTM32 -DSTM32F3 -DSTM32F303RETx -DNUCLEO_F303RE -c -I../Inc -O0 -ffunction-sections -fdata-sections -Wall -fstack-usage -fcyclomatic-complexity -MMD -MP -MF"Src/main.d" -MT"Src/main.o" --specs=nano.specs -mfpu=fpv4-sp-d16 -mfloat-abi=hard -mthumb -o "Src/main.o"
../Src/main.c: In function 'divide_by_0':
../Src/main.c:32:19: warning: division by zero [-Wdiv-by-zero]
   32 |  uint8_t test = 12/0;
      |                   ^
../Src/main.c:33:9: warning: 'return' with a value, in function returning void [-Wreturn-type]
   33 |  return test;
      |         ^~~~
../Src/main.c:31:6: note: declared here
   31 | void divide_by_0(void){
      |      ^~~~~~~~~~~
arm-none-eabi-gcc -o "fault_handling_exercise1.elf" @"objects.list"   -mcpu=cortex-m4 -T"/home/patryk/Desktop/course_arm_cortex/fault_handling_exercise1/STM32F303RETX_FLASH.ld" --specs=nosys.specs -Wl,-Map="fault_handling_exercise1.map" -Wl,--gc-sections -static --specs=nano.specs -mfpu=fpv4-sp-d16 -mfloat-abi=hard -mthumb -Wl,--start-group -lc -lm -Wl,--end-group
Finished building target: fault_handling_exercise1.elf
 
arm-none-eabi-size   fault_handling_exercise1.elf 
arm-none-eabi-objdump -h -S  fault_handling_exercise1.elf  > "fault_handling_exercise1.list"
   text	   data	    bss	    dec	    hex	filename
   5464	    108	   1588	   7160	   1bf8	fault_handling_exercise1.elf
Finished building: default.size.stdout
 
Finished building: fault_handling_exercise1.list
 

23:52:33 Build Finished. 0 errors, 2 warnings. (took 1s.196ms)

