17:24:11 **** Incremental Build of configuration Debug for project stack ****
make -j4 all 
arm-none-eabi-gcc "../Src/main.c" -mcpu=cortex-m4 -std=gnu11 -g3 -DDEBUG -DSTM32 -DSTM32F3 -DSTM32F303RETx -DNUCLEO_F303RE -c -I../Inc -O0 -ffunction-sections -fdata-sections -Wall -fstack-usage -fcyclomatic-complexity -MMD -MP -MF"Src/main.d" -MT"Src/main.o" --specs=nano.specs -mfpu=fpv4-sp-d16 -mfloat-abi=hard -mthumb -o "Src/main.o"
arm-none-eabi-gcc -o "stack.elf" @"objects.list"   -mcpu=cortex-m4 -T"/home/patryk/Desktop/course_arm_cortex/stack/STM32F303RETX_FLASH.ld" --specs=nosys.specs -Wl,-Map="stack.map" -Wl,--gc-sections -static --specs=nano.specs -mfpu=fpv4-sp-d16 -mfloat-abi=hard -mthumb -Wl,--start-group -lc -lm -Wl,--end-group
Finished building target: stack.elf
 
arm-none-eabi-size   stack.elf 
arm-none-eabi-objdump -h -S  stack.elf  > "stack.list"
   text	   data	    bss	    dec	    hex	filename
   5676	    108	   1588	   7372	   1ccc	stack.elf
Finished building: default.size.stdout
 
Finished building: stack.list
 
17:24:16 **** Incremental Build of configuration Debug for project stack ****
make -j4 all 
arm-none-eabi-size   stack.elf 
   text	   data	    bss	    dec	    hex	filename
   5676	    108	   1588	   7372	   1ccc	stack.elf
Finished building: default.size.stdout
 
19:26:33 **** Build of configuration Debug for project access_levels ****
make -j4 all 
arm-none-eabi-gcc "../Src/main.c" -mcpu=cortex-m4 -std=gnu11 -g3 -DDEBUG -DSTM32 -DSTM32F3 -DSTM32F303RETx -DNUCLEO_F303RE -c -I../Inc -O0 -ffunction-sections -fdata-sections -Wall -fstack-usage -fcyclomatic-complexity -MMD -MP -MF"Src/main.d" -MT"Src/main.o" --specs=nano.specs -mfpu=fpv4-sp-d16 -mfloat-abi=hard -mthumb -o "Src/main.o"
arm-none-eabi-gcc "../Src/syscalls.c" -mcpu=cortex-m4 -std=gnu11 -g3 -DDEBUG -DSTM32 -DSTM32F3 -DSTM32F303RETx -DNUCLEO_F303RE -c -I../Inc -O0 -ffunction-sections -fdata-sections -Wall -fstack-usage -fcyclomatic-complexity -MMD -MP -MF"Src/syscalls.d" -MT"Src/syscalls.o" --specs=nano.specs -mfpu=fpv4-sp-d16 -mfloat-abi=hard -mthumb -o "Src/syscalls.o"
arm-none-eabi-gcc -o "access_levels.elf" @"objects.list"   -mcpu=cortex-m4 -T"/home/patryk/Desktop/course_arm_cortex/access_levels/STM32F303RETX_FLASH.ld" --specs=nosys.specs -Wl,-Map="access_levels.map" -Wl,--gc-sections -static --specs=nano.specs -mfpu=fpv4-sp-d16 -mfloat-abi=hard -mthumb -Wl,--start-group -lc -lm -Wl,--end-group
Finished building target: access_levels.elf
 
arm-none-eabi-size   access_levels.elf 
arm-none-eabi-objdump -h -S  access_levels.elf  > "access_levels.list"
   text	   data	    bss	    dec	    hex	filename
   3888	    108	   1588	   5584	   15d0	access_levels.elf
Finished building: default.size.stdout
 
Finished building: access_levels.list
 
19:30:06 **** Build of configuration Debug for project USART3_int_pend ****
make -j4 all 
arm-none-eabi-gcc -mcpu=cortex-m4 -g3 -DDEBUG -c -x assembler-with-cpp -MMD -MP -MF"Startup/startup_stm32f303retx.d" -MT"Startup/startup_stm32f303retx.o" --specs=nano.specs -mfpu=fpv4-sp-d16 -mfloat-abi=hard -mthumb -o "Startup/startup_stm32f303retx.o" "../Startup/startup_stm32f303retx.s"
arm-none-eabi-gcc "../Src/main.c" -mcpu=cortex-m4 -std=gnu11 -g3 -DDEBUG -DSTM32 -DSTM32F3 -DSTM32F303RETx -DNUCLEO_F303RE -c -I../Inc -O0 -ffunction-sections -fdata-sections -Wall -fstack-usage -fcyclomatic-complexity -MMD -MP -MF"Src/main.d" -MT"Src/main.o" --specs=nano.specs -mfpu=fpv4-sp-d16 -mfloat-abi=hard -mthumb -o "Src/main.o"
arm-none-eabi-gcc "../Src/syscalls.c" -mcpu=cortex-m4 -std=gnu11 -g3 -DDEBUG -DSTM32 -DSTM32F3 -DSTM32F303RETx -DNUCLEO_F303RE -c -I../Inc -O0 -ffunction-sections -fdata-sections -Wall -fstack-usage -fcyclomatic-complexity -MMD -MP -MF"Src/syscalls.d" -MT"Src/syscalls.o" --specs=nano.specs -mfpu=fpv4-sp-d16 -mfloat-abi=hard -mthumb -o "Src/syscalls.o"
arm-none-eabi-gcc "../Src/sysmem.c" -mcpu=cortex-m4 -std=gnu11 -g3 -DDEBUG -DSTM32 -DSTM32F3 -DSTM32F303RETx -DNUCLEO_F303RE -c -I../Inc -O0 -ffunction-sections -fdata-sections -Wall -fstack-usage -fcyclomatic-complexity -MMD -MP -MF"Src/sysmem.d" -MT"Src/sysmem.o" --specs=nano.specs -mfpu=fpv4-sp-d16 -mfloat-abi=hard -mthumb -o "Src/sysmem.o"
../Src/main.c:20:10: fatal error: stdio.h : No such file or directory
   20 | #include <stdio.h >
      |          ^~~~~~~~~~
compilation terminated.
make: *** [Src/subdir.mk:25: Src/main.o] Error 1
make: *** Waiting for unfinished jobs....
../Src/syscalls.c: In function 'ITM_SendChar':
../Src/syscalls.c:51:2: error: 'DEMCR' undeclared (first use in this function)
   51 |  DEMCR |= ( 1 << 24);
      |  ^~~~~
../Src/syscalls.c:51:2: note: each undeclared identifier is reported only once for each function it appears in
make: *** [Src/subdir.mk:25: Src/syscalls.o] Error 1
"make -j4 all" terminated with exit code 2. Build might be incomplete.
19:31:13 **** Incremental Build of configuration Debug for project USART3_int_pend ****
make -j4 all 
arm-none-eabi-gcc "../Src/main.c" -mcpu=cortex-m4 -std=gnu11 -g3 -DDEBUG -DSTM32 -DSTM32F3 -DSTM32F303RETx -DNUCLEO_F303RE -c -I../Inc -O0 -ffunction-sections -fdata-sections -Wall -fstack-usage -fcyclomatic-complexity -MMD -MP -MF"Src/main.d" -MT"Src/main.o" --specs=nano.specs -mfpu=fpv4-sp-d16 -mfloat-abi=hard -mthumb -o "Src/main.o"
arm-none-eabi-gcc "../Src/syscalls.c" -mcpu=cortex-m4 -std=gnu11 -g3 -DDEBUG -DSTM32 -DSTM32F3 -DSTM32F303RETx -DNUCLEO_F303RE -c -I../Inc -O0 -ffunction-sections -fdata-sections -Wall -fstack-usage -fcyclomatic-complexity -MMD -MP -MF"Src/syscalls.d" -MT"Src/syscalls.o" --specs=nano.specs -mfpu=fpv4-sp-d16 -mfloat-abi=hard -mthumb -o "Src/syscalls.o"
../Src/main.c:20:10: fatal error: stdio.h : No such file or directory
   20 | #include <stdio.h >
      |          ^~~~~~~~~~
compilation terminated.
make: *** [Src/subdir.mk:25: Src/main.o] Error 1
make: *** Waiting for unfinished jobs....
"make -j4 all" terminated with exit code 2. Build might be incomplete.
19:31:37 **** Incremental Build of configuration Debug for project USART3_int_pend ****
make -j4 all 
arm-none-eabi-gcc "../Src/main.c" -mcpu=cortex-m4 -std=gnu11 -g3 -DDEBUG -DSTM32 -DSTM32F3 -DSTM32F303RETx -DNUCLEO_F303RE -c -I../Inc -O0 -ffunction-sections -fdata-sections -Wall -fstack-usage -fcyclomatic-complexity -MMD -MP -MF"Src/main.d" -MT"Src/main.o" --specs=nano.specs -mfpu=fpv4-sp-d16 -mfloat-abi=hard -mthumb -o "Src/main.o"
arm-none-eabi-gcc -o "USART3_int_pend.elf" @"objects.list"   -mcpu=cortex-m4 -T"/home/patryk/Desktop/course_arm_cortex/USART3_int_pend/STM32F303RETX_FLASH.ld" --specs=nosys.specs -Wl,-Map="USART3_int_pend.map" -Wl,--gc-sections -static --specs=nano.specs -mfpu=fpv4-sp-d16 -mfloat-abi=hard -mthumb -Wl,--start-group -lc -lm -Wl,--end-group
Finished building target: USART3_int_pend.elf
 
arm-none-eabi-size   USART3_int_pend.elf 
arm-none-eabi-objdump -h -S  USART3_int_pend.elf  > "USART3_int_pend.list"
   text	   data	    bss	    dec	    hex	filename
    696	      8	   1568	   2272	    8e0	USART3_int_pend.elf
Finished building: default.size.stdout
 
Finished building: USART3_int_pend.list
 
19:32:03 **** Incremental Build of configuration Debug for project USART3_int_pend ****
make -j4 all 
arm-none-eabi-size   USART3_int_pend.elf 
   text	   data	    bss	    dec	    hex	filename
    696	      8	   1568	   2272	    8e0	USART3_int_pend.elf
Finished building: default.size.stdout
 
19:32:25 **** Incremental Build of configuration Debug for project USART3_int_pend ****
make -j4 all 
arm-none-eabi-size   USART3_int_pend.elf 
   text	   data	    bss	    dec	    hex	filename
    696	      8	   1568	   2272	    8e0	USART3_int_pend.elf
Finished building: default.size.stdout
 
19:32:56 **** Incremental Build of configuration Debug for project USART3_int_pend ****
make -j4 all 
arm-none-eabi-size   USART3_int_pend.elf 
   text	   data	    bss	    dec	    hex	filename
    696	      8	   1568	   2272	    8e0	USART3_int_pend.elf
Finished building: default.size.stdout
 
19:34:37 **** Incremental Build of configuration Debug for project USART3_int_pend ****
make -j4 all 
arm-none-eabi-size   USART3_int_pend.elf 
   text	   data	    bss	    dec	    hex	filename
    696	      8	   1568	   2272	    8e0	USART3_int_pend.elf
Finished building: default.size.stdout
 
19:34:41 **** Incremental Build of configuration Debug for project USART3_int_pend ****
make -j4 all 
arm-none-eabi-size   USART3_int_pend.elf 
   text	   data	    bss	    dec	    hex	filename
    696	      8	   1568	   2272	    8e0	USART3_int_pend.elf
Finished building: default.size.stdout
 
19:39:29 **** Incremental Build of configuration Debug for project USART3_int_pend ****
make -j4 all 
arm-none-eabi-size   USART3_int_pend.elf 
   text	   data	    bss	    dec	    hex	filename
    696	      8	   1568	   2272	    8e0	USART3_int_pend.elf
Finished building: default.size.stdout
 
21:33:50 **** Incremental Build of configuration Debug for project USART3_int_pend ****
make -j4 all 
arm-none-eabi-gcc "../Src/main.c" -mcpu=cortex-m4 -std=gnu11 -g3 -DDEBUG -DSTM32 -DSTM32F3 -DSTM32F303RETx -DNUCLEO_F303RE -c -I../Inc -O0 -ffunction-sections -fdata-sections -Wall -fstack-usage -fcyclomatic-complexity -MMD -MP -MF"Src/main.d" -MT"Src/main.o" --specs=nano.specs -mfpu=fpv4-sp-d16 -mfloat-abi=hard -mthumb -o "Src/main.o"
arm-none-eabi-gcc -o "USART3_int_pend.elf" @"objects.list"   -mcpu=cortex-m4 -T"/home/patryk/Desktop/course_arm_cortex/USART3_int_pend/STM32F303RETX_FLASH.ld" --specs=nosys.specs -Wl,-Map="USART3_int_pend.map" -Wl,--gc-sections -static --specs=nano.specs -mfpu=fpv4-sp-d16 -mfloat-abi=hard -mthumb -Wl,--start-group -lc -lm -Wl,--end-group
Finished building target: USART3_int_pend.elf
 
arm-none-eabi-size   USART3_int_pend.elf 
arm-none-eabi-objdump -h -S  USART3_int_pend.elf  > "USART3_int_pend.list"
   text	   data	    bss	    dec	    hex	filename
    696	      8	   1568	   2272	    8e0	USART3_int_pend.elf
Finished building: default.size.stdout
 
Finished building: USART3_int_pend.list
 
21:48:02 **** Incremental Build of configuration Debug for project USART3_int_pend ****
make -j4 all 
arm-none-eabi-gcc "../Src/main.c" -mcpu=cortex-m4 -std=gnu11 -g3 -DDEBUG -DSTM32 -DSTM32F3 -DSTM32F303RETx -DNUCLEO_F303RE -c -I../Inc -O0 -ffunction-sections -fdata-sections -Wall -fstack-usage -fcyclomatic-complexity -MMD -MP -MF"Src/main.d" -MT"Src/main.o" --specs=nano.specs -mfpu=fpv4-sp-d16 -mfloat-abi=hard -mthumb -o "Src/main.o"
arm-none-eabi-gcc -o "USART3_int_pend.elf" @"objects.list"   -mcpu=cortex-m4 -T"/home/patryk/Desktop/course_arm_cortex/USART3_int_pend/STM32F303RETX_FLASH.ld" --specs=nosys.specs -Wl,-Map="USART3_int_pend.map" -Wl,--gc-sections -static --specs=nano.specs -mfpu=fpv4-sp-d16 -mfloat-abi=hard -mthumb -Wl,--start-group -lc -lm -Wl,--end-group
Finished building target: USART3_int_pend.elf
 
arm-none-eabi-size   USART3_int_pend.elf 
arm-none-eabi-objdump -h -S  USART3_int_pend.elf  > "USART3_int_pend.list"
   text	   data	    bss	    dec	    hex	filename
   3820	    108	   1588	   5516	   158c	USART3_int_pend.elf
Finished building: default.size.stdout
 
Finished building: USART3_int_pend.list
 
21:50:18 **** Incremental Build of configuration Debug for project USART3_int_pend ****
make -j4 all 
arm-none-eabi-gcc "../Src/main.c" -mcpu=cortex-m4 -std=gnu11 -g3 -DDEBUG -DSTM32 -DSTM32F3 -DSTM32F303RETx -DNUCLEO_F303RE -c -I../Inc -O0 -ffunction-sections -fdata-sections -Wall -fstack-usage -fcyclomatic-complexity -MMD -MP -MF"Src/main.d" -MT"Src/main.o" --specs=nano.specs -mfpu=fpv4-sp-d16 -mfloat-abi=hard -mthumb -o "Src/main.o"
arm-none-eabi-gcc -o "USART3_int_pend.elf" @"objects.list"   -mcpu=cortex-m4 -T"/home/patryk/Desktop/course_arm_cortex/USART3_int_pend/STM32F303RETX_FLASH.ld" --specs=nosys.specs -Wl,-Map="USART3_int_pend.map" -Wl,--gc-sections -static --specs=nano.specs -mfpu=fpv4-sp-d16 -mfloat-abi=hard -mthumb -Wl,--start-group -lc -lm -Wl,--end-group
Finished building target: USART3_int_pend.elf
 
arm-none-eabi-size   USART3_int_pend.elf 
arm-none-eabi-objdump -h -S  USART3_int_pend.elf  > "USART3_int_pend.list"
   text	   data	    bss	    dec	    hex	filename
   3820	    108	   1588	   5516	   158c	USART3_int_pend.elf
Finished building: default.size.stdout
 
Finished building: USART3_int_pend.list
 
21:55:34 **** Incremental Build of configuration Debug for project USART3_int_pend ****
make -j4 all 
arm-none-eabi-gcc "../Src/main.c" -mcpu=cortex-m4 -std=gnu11 -g3 -DDEBUG -DSTM32 -DSTM32F3 -DSTM32F303RETx -DNUCLEO_F303RE -c -I../Inc -O0 -ffunction-sections -fdata-sections -Wall -fstack-usage -fcyclomatic-complexity -MMD -MP -MF"Src/main.d" -MT"Src/main.o" --specs=nano.specs -mfpu=fpv4-sp-d16 -mfloat-abi=hard -mthumb -o "Src/main.o"
arm-none-eabi-gcc -o "USART3_int_pend.elf" @"objects.list"   -mcpu=cortex-m4 -T"/home/patryk/Desktop/course_arm_cortex/USART3_int_pend/STM32F303RETX_FLASH.ld" --specs=nosys.specs -Wl,-Map="USART3_int_pend.map" -Wl,--gc-sections -static --specs=nano.specs -mfpu=fpv4-sp-d16 -mfloat-abi=hard -mthumb -Wl,--start-group -lc -lm -Wl,--end-group
Finished building target: USART3_int_pend.elf
 
arm-none-eabi-size   USART3_int_pend.elf 
arm-none-eabi-objdump -h -S  USART3_int_pend.elf  > "USART3_int_pend.list"
   text	   data	    bss	    dec	    hex	filename
   3820	    108	   1588	   5516	   158c	USART3_int_pend.elf
Finished building: default.size.stdout
 
Finished building: USART3_int_pend.list
 
22:00:25 **** Incremental Build of configuration Debug for project USART3_int_pend ****
make -j4 all 
arm-none-eabi-size   USART3_int_pend.elf 
   text	   data	    bss	    dec	    hex	filename
   3820	    108	   1588	   5516	   158c	USART3_int_pend.elf
Finished building: default.size.stdout
 
22:01:19 **** Incremental Build of configuration Debug for project USART3_int_pend ****
make -j4 all 
arm-none-eabi-size   USART3_int_pend.elf 
   text	   data	    bss	    dec	    hex	filename
   3820	    108	   1588	   5516	   158c	USART3_int_pend.elf
Finished building: default.size.stdout
 
22:03:32 **** Incremental Build of configuration Debug for project USART3_int_pend ****
make -j4 all 
arm-none-eabi-size   USART3_int_pend.elf 
   text	   data	    bss	    dec	    hex	filename
   3820	    108	   1588	   5516	   158c	USART3_int_pend.elf
Finished building: default.size.stdout
 
15:30:01 **** Build of configuration Debug for project TIM2_I2C1_interrupt_priorities ****
make -j4 all 
arm-none-eabi-gcc -mcpu=cortex-m4 -g3 -DDEBUG -c -x assembler-with-cpp -MMD -MP -MF"Startup/startup_stm32f303retx.d" -MT"Startup/startup_stm32f303retx.o" --specs=nano.specs -mfpu=fpv4-sp-d16 -mfloat-abi=hard -mthumb -o "Startup/startup_stm32f303retx.o" "../Startup/startup_stm32f303retx.s"
arm-none-eabi-gcc "../Src/main.c" -mcpu=cortex-m4 -std=gnu11 -g3 -DDEBUG -DSTM32 -DSTM32F3 -DSTM32F303RETx -DNUCLEO_F303RE -c -I../Inc -O0 -ffunction-sections -fdata-sections -Wall -fstack-usage -fcyclomatic-complexity -MMD -MP -MF"Src/main.d" -MT"Src/main.o" --specs=nano.specs -mfpu=fpv4-sp-d16 -mfloat-abi=hard -mthumb -o "Src/main.o"
arm-none-eabi-gcc "../Src/syscalls.c" -mcpu=cortex-m4 -std=gnu11 -g3 -DDEBUG -DSTM32 -DSTM32F3 -DSTM32F303RETx -DNUCLEO_F303RE -c -I../Inc -O0 -ffunction-sections -fdata-sections -Wall -fstack-usage -fcyclomatic-complexity -MMD -MP -MF"Src/syscalls.d" -MT"Src/syscalls.o" --specs=nano.specs -mfpu=fpv4-sp-d16 -mfloat-abi=hard -mthumb -o "Src/syscalls.o"
arm-none-eabi-gcc "../Src/sysmem.c" -mcpu=cortex-m4 -std=gnu11 -g3 -DDEBUG -DSTM32 -DSTM32F3 -DSTM32F303RETx -DNUCLEO_F303RE -c -I../Inc -O0 -ffunction-sections -fdata-sections -Wall -fstack-usage -fcyclomatic-complexity -MMD -MP -MF"Src/sysmem.d" -MT"Src/sysmem.o" --specs=nano.specs -mfpu=fpv4-sp-d16 -mfloat-abi=hard -mthumb -o "Src/sysmem.o"
../Src/main.c:25:4: warning: #warning "FPU is not initialized, but the project is compiling for an FPU. Please initialize the FPU before use." [-Wcpp]
   25 |   #warning "FPU is not initialized, but the project is compiling for an FPU. Please initialize the FPU before use."
      |    ^~~~~~~
../Src/main.c: In function 'main':
../Src/main.c:49:10: warning: unused variable 'bytes_offset' [-Wunused-variable]
   49 |  uint8_t bytes_offset = TIM2 / 32;
      |          ^~~~~~~~~~~~
arm-none-eabi-gcc -o "TIM2_I2C1_interrupt_priorities.elf" @"objects.list"   -mcpu=cortex-m4 -T"/home/patryk/Desktop/course_arm_cortex/TIM2_I2C1_interrupt_priorities/STM32F303RETX_FLASH.ld" --specs=nosys.specs -Wl,-Map="TIM2_I2C1_interrupt_priorities.map" -Wl,--gc-sections -static --specs=nano.specs -mfpu=fpv4-sp-d16 -mfloat-abi=hard -mthumb -Wl,--start-group -lc -lm -Wl,--end-group
Finished building target: TIM2_I2C1_interrupt_priorities.elf
 
arm-none-eabi-size   TIM2_I2C1_interrupt_priorities.elf 
arm-none-eabi-objdump -h -S  TIM2_I2C1_interrupt_priorities.elf  > "TIM2_I2C1_interrupt_priorities.list"
Finished building: TIM2_I2C1_interrupt_priorities.list
 
   text	   data	    bss	    dec	    hex	filename
    776	     12	   1564	   2352	    930	TIM2_I2C1_interrupt_priorities.elf
Finished building: default.size.stdout
 
15:30:17 **** Incremental Build of configuration Debug for project TIM2_I2C1_interrupt_priorities ****
make -j4 all 
arm-none-eabi-size   TIM2_I2C1_interrupt_priorities.elf 
   text	   data	    bss	    dec	    hex	filename
    776	     12	   1564	   2352	    930	TIM2_I2C1_interrupt_priorities.elf
Finished building: default.size.stdout
 
15:31:11 **** Incremental Build of configuration Debug for project TIM2_I2C1_interrupt_priorities ****
make -j4 all 
arm-none-eabi-size   TIM2_I2C1_interrupt_priorities.elf 
   text	   data	    bss	    dec	    hex	filename
    776	     12	   1564	   2352	    930	TIM2_I2C1_interrupt_priorities.elf
Finished building: default.size.stdout
 
15:31:47 **** Incremental Build of configuration Debug for project TIM2_I2C1_interrupt_priorities ****
make -j4 all 
arm-none-eabi-size   TIM2_I2C1_interrupt_priorities.elf 
   text	   data	    bss	    dec	    hex	filename
    776	     12	   1564	   2352	    930	TIM2_I2C1_interrupt_priorities.elf
Finished building: default.size.stdout
 
15:31:52 **** Incremental Build of configuration Debug for project TIM2_I2C1_interrupt_priorities ****
make -j4 all 
arm-none-eabi-size   TIM2_I2C1_interrupt_priorities.elf 
   text	   data	    bss	    dec	    hex	filename
    776	     12	   1564	   2352	    930	TIM2_I2C1_interrupt_priorities.elf
Finished building: default.size.stdout
 
15:33:50 **** Incremental Build of configuration Debug for project TIM2_I2C1_interrupt_priorities ****
make -j4 all 
arm-none-eabi-gcc "../Src/main.c" -mcpu=cortex-m4 -std=gnu11 -g3 -DDEBUG -DSTM32 -DSTM32F3 -DSTM32F303RETx -DNUCLEO_F303RE -c -I../Inc -O0 -ffunction-sections -fdata-sections -Wall -fstack-usage -fcyclomatic-complexity -MMD -MP -MF"Src/main.d" -MT"Src/main.o" --specs=nano.specs -mfpu=fpv4-sp-d16 -mfloat-abi=hard -mthumb -o "Src/main.o"
../Src/main.c:25:4: warning: #warning "FPU is not initialized, but the project is compiling for an FPU. Please initialize the FPU before use." [-Wcpp]
   25 |   #warning "FPU is not initialized, but the project is compiling for an FPU. Please initialize the FPU before use."
      |    ^~~~~~~
../Src/main.c: In function 'main':
../Src/main.c:49:10: warning: unused variable 'bytes_offset' [-Wunused-variable]
   49 |  uint8_t bytes_offset = TIM2 / 32;
      |          ^~~~~~~~~~~~
arm-none-eabi-gcc -o "TIM2_I2C1_interrupt_priorities.elf" @"objects.list"   -mcpu=cortex-m4 -T"/home/patryk/Desktop/course_arm_cortex/TIM2_I2C1_interrupt_priorities/STM32F303RETX_FLASH.ld" --specs=nosys.specs -Wl,-Map="TIM2_I2C1_interrupt_priorities.map" -Wl,--gc-sections -static --specs=nano.specs -mfpu=fpv4-sp-d16 -mfloat-abi=hard -mthumb -Wl,--start-group -lc -lm -Wl,--end-group
Finished building target: TIM2_I2C1_interrupt_priorities.elf
 
arm-none-eabi-size   TIM2_I2C1_interrupt_priorities.elf 
arm-none-eabi-objdump -h -S  TIM2_I2C1_interrupt_priorities.elf  > "TIM2_I2C1_interrupt_priorities.list"
   text	   data	    bss	    dec	    hex	filename
    776	     12	   1564	   2352	    930	TIM2_I2C1_interrupt_priorities.elf
Finished building: default.size.stdout
 
Finished building: TIM2_I2C1_interrupt_priorities.list
 
17:15:53 **** Incremental Build of configuration Debug for project TIM2_I2C1_interrupt_priorities ****
make -j4 all 
arm-none-eabi-gcc "../Src/main.c" -mcpu=cortex-m4 -std=gnu11 -g3 -DDEBUG -DSTM32 -DSTM32F3 -DSTM32F303RETx -DNUCLEO_F303RE -c -I../Inc -O0 -ffunction-sections -fdata-sections -Wall -fstack-usage -fcyclomatic-complexity -MMD -MP -MF"Src/main.d" -MT"Src/main.o" --specs=nano.specs -mfpu=fpv4-sp-d16 -mfloat-abi=hard -mthumb -o "Src/main.o"
../Src/main.c: In function 'set_pending_irq':
../Src/main.c:64:14: warning: assignment to 'uint32_t' {aka 'long unsigned int'} from 'uint32_t *' {aka 'long unsigned int *'} makes integer from pointer without a cast [-Wint-conversion]
   64 |  *pNVIC_ISPR = (uint32_t*)(1<<(irq_no%32));
      |              ^
../Src/main.c: In function 'set_enable_irq':
../Src/main.c:71:14: warning: assignment to 'uint32_t' {aka 'long unsigned int'} from 'uint32_t *' {aka 'long unsigned int *'} makes integer from pointer without a cast [-Wint-conversion]
   71 |  *pNVIC_ISER = (uint32_t*)(1<<(irq_no%32));
      |              ^
arm-none-eabi-gcc -o "TIM2_I2C1_interrupt_priorities.elf" @"objects.list"   -mcpu=cortex-m4 -T"/home/patryk/Desktop/course_arm_cortex/TIM2_I2C1_interrupt_priorities/STM32F303RETX_FLASH.ld" --specs=nosys.specs -Wl,-Map="TIM2_I2C1_interrupt_priorities.map" -Wl,--gc-sections -static --specs=nano.specs -mfpu=fpv4-sp-d16 -mfloat-abi=hard -mthumb -Wl,--start-group -lc -lm -Wl,--end-group
Finished building target: TIM2_I2C1_interrupt_priorities.elf
 
arm-none-eabi-size   TIM2_I2C1_interrupt_priorities.elf 
arm-none-eabi-objdump -h -S  TIM2_I2C1_interrupt_priorities.elf  > "TIM2_I2C1_interrupt_priorities.list"
   text	   data	    bss	    dec	    hex	filename
    848	     16	   1568	   2432	    980	TIM2_I2C1_interrupt_priorities.elf
Finished building: default.size.stdout
Finished building: TIM2_I2C1_interrupt_priorities.list
 
 
17:16:00 **** Incremental Build of configuration Debug for project TIM2_I2C1_interrupt_priorities ****
make -j4 all 
arm-none-eabi-size   TIM2_I2C1_interrupt_priorities.elf 
   text	   data	    bss	    dec	    hex	filename
    848	     16	   1568	   2432	    980	TIM2_I2C1_interrupt_priorities.elf
Finished building: default.size.stdout
 
17:22:00 **** Incremental Build of configuration Debug for project TIM2_I2C1_interrupt_priorities ****
make -j4 all 
arm-none-eabi-gcc "../Src/main.c" -mcpu=cortex-m4 -std=gnu11 -g3 -DDEBUG -DSTM32 -DSTM32F3 -DSTM32F303RETx -DNUCLEO_F303RE -c -I../Inc -O0 -ffunction-sections -fdata-sections -Wall -fstack-usage -fcyclomatic-complexity -MMD -MP -MF"Src/main.d" -MT"Src/main.o" --specs=nano.specs -mfpu=fpv4-sp-d16 -mfloat-abi=hard -mthumb -o "Src/main.o"
../Src/main.c: In function 'set_pending_irq':
../Src/main.c:77:14: warning: assignment to 'uint32_t' {aka 'long unsigned int'} from 'uint32_t *' {aka 'long unsigned int *'} makes integer from pointer without a cast [-Wint-conversion]
   77 |  *pNVIC_ISPR = (uint32_t*)(1<<(irq_no%32));
      |              ^
../Src/main.c: In function 'set_enable_irq':
../Src/main.c:84:14: warning: assignment to 'uint32_t' {aka 'long unsigned int'} from 'uint32_t *' {aka 'long unsigned int *'} makes integer from pointer without a cast [-Wint-conversion]
   84 |  *pNVIC_ISER = (uint32_t*)(1<<(irq_no%32));
      |              ^
arm-none-eabi-gcc -o "TIM2_I2C1_interrupt_priorities.elf" @"objects.list"   -mcpu=cortex-m4 -T"/home/patryk/Desktop/course_arm_cortex/TIM2_I2C1_interrupt_priorities/STM32F303RETX_FLASH.ld" --specs=nosys.specs -Wl,-Map="TIM2_I2C1_interrupt_priorities.map" -Wl,--gc-sections -static --specs=nano.specs -mfpu=fpv4-sp-d16 -mfloat-abi=hard -mthumb -Wl,--start-group -lc -lm -Wl,--end-group
Finished building target: TIM2_I2C1_interrupt_priorities.elf
 
arm-none-eabi-size   TIM2_I2C1_interrupt_priorities.elf 
arm-none-eabi-objdump -h -S  TIM2_I2C1_interrupt_priorities.elf  > "TIM2_I2C1_interrupt_priorities.list"
   text	   data	    bss	    dec	    hex	filename
   5604	    120	   1584	   7308	   1c8c	TIM2_I2C1_interrupt_priorities.elf
Finished building: default.size.stdout
 
Finished building: TIM2_I2C1_interrupt_priorities.list
 
17:23:03 **** Incremental Build of configuration Debug for project TIM2_I2C1_interrupt_priorities ****
make -j4 all 
arm-none-eabi-size   TIM2_I2C1_interrupt_priorities.elf 
   text	   data	    bss	    dec	    hex	filename
   5604	    120	   1584	   7308	   1c8c	TIM2_I2C1_interrupt_priorities.elf
Finished building: default.size.stdout
 
21:14:32 **** Incremental Build of configuration Debug for project TIM2_I2C1_interrupt_priorities ****
make -j4 all 
arm-none-eabi-gcc "../Src/main.c" -mcpu=cortex-m4 -std=gnu11 -g3 -DDEBUG -DSTM32 -DSTM32F3 -DSTM32F303RETx -DNUCLEO_F303RE -c -I../Inc -O0 -ffunction-sections -fdata-sections -Wall -fstack-usage -fcyclomatic-complexity -MMD -MP -MF"Src/main.d" -MT"Src/main.o" --specs=nano.specs -mfpu=fpv4-sp-d16 -mfloat-abi=hard -mthumb -o "Src/main.o"
../Src/main.c: In function 'set_pending_irq':
../Src/main.c:79:14: warning: assignment to 'uint32_t' {aka 'long unsigned int'} from 'uint32_t *' {aka 'long unsigned int *'} makes integer from pointer without a cast [-Wint-conversion]
   79 |  *pNVIC_ISPR = (uint32_t*)(1<<(irq_no%32));
      |              ^
../Src/main.c: In function 'set_enable_irq':
../Src/main.c:86:14: warning: assignment to 'uint32_t' {aka 'long unsigned int'} from 'uint32_t *' {aka 'long unsigned int *'} makes integer from pointer without a cast [-Wint-conversion]
   86 |  *pNVIC_ISER = (uint32_t*)(1<<(irq_no%32));
      |              ^
arm-none-eabi-gcc -o "TIM2_I2C1_interrupt_priorities.elf" @"objects.list"   -mcpu=cortex-m4 -T"/home/patryk/Desktop/course_arm_cortex/TIM2_I2C1_interrupt_priorities/STM32F303RETX_FLASH.ld" --specs=nosys.specs -Wl,-Map="TIM2_I2C1_interrupt_priorities.map" -Wl,--gc-sections -static --specs=nano.specs -mfpu=fpv4-sp-d16 -mfloat-abi=hard -mthumb -Wl,--start-group -lc -lm -Wl,--end-group
Finished building target: TIM2_I2C1_interrupt_priorities.elf
 
arm-none-eabi-size   TIM2_I2C1_interrupt_priorities.elf 
arm-none-eabi-objdump -h -S  TIM2_I2C1_interrupt_priorities.elf  > "TIM2_I2C1_interrupt_priorities.list"
   text	   data	    bss	    dec	    hex	filename
   5600	    120	   1584	   7304	   1c88	TIM2_I2C1_interrupt_priorities.elf
Finished building: default.size.stdout
 
Finished building: TIM2_I2C1_interrupt_priorities.list
 
21:16:14 **** Incremental Build of configuration Debug for project TIM2_I2C1_interrupt_priorities ****
make -j4 all 
arm-none-eabi-gcc "../Src/main.c" -mcpu=cortex-m4 -std=gnu11 -g3 -DDEBUG -DSTM32 -DSTM32F3 -DSTM32F303RETx -DNUCLEO_F303RE -c -I../Inc -O0 -ffunction-sections -fdata-sections -Wall -fstack-usage -fcyclomatic-complexity -MMD -MP -MF"Src/main.d" -MT"Src/main.o" --specs=nano.specs -mfpu=fpv4-sp-d16 -mfloat-abi=hard -mthumb -o "Src/main.o"
../Src/main.c: In function 'set_pending_irq':
../Src/main.c:79:14: warning: assignment to 'uint32_t' {aka 'long unsigned int'} from 'uint32_t *' {aka 'long unsigned int *'} makes integer from pointer without a cast [-Wint-conversion]
   79 |  *pNVIC_ISPR = (uint32_t*)(1<<(irq_no%32));
      |              ^
../Src/main.c: In function 'set_enable_irq':
../Src/main.c:86:14: warning: assignment to 'uint32_t' {aka 'long unsigned int'} from 'uint32_t *' {aka 'long unsigned int *'} makes integer from pointer without a cast [-Wint-conversion]
   86 |  *pNVIC_ISER = (uint32_t*)(1<<(irq_no%32));
      |              ^
arm-none-eabi-gcc -o "TIM2_I2C1_interrupt_priorities.elf" @"objects.list"   -mcpu=cortex-m4 -T"/home/patryk/Desktop/course_arm_cortex/TIM2_I2C1_interrupt_priorities/STM32F303RETX_FLASH.ld" --specs=nosys.specs -Wl,-Map="TIM2_I2C1_interrupt_priorities.map" -Wl,--gc-sections -static --specs=nano.specs -mfpu=fpv4-sp-d16 -mfloat-abi=hard -mthumb -Wl,--start-group -lc -lm -Wl,--end-group
Finished building target: TIM2_I2C1_interrupt_priorities.elf
 
arm-none-eabi-size   TIM2_I2C1_interrupt_priorities.elf 
arm-none-eabi-objdump -h -S  TIM2_I2C1_interrupt_priorities.elf  > "TIM2_I2C1_interrupt_priorities.list"
   text	   data	    bss	    dec	    hex	filename
   5600	    120	   1584	   7304	   1c88	TIM2_I2C1_interrupt_priorities.elf
Finished building: default.size.stdout
 
Finished building: TIM2_I2C1_interrupt_priorities.list
 
21:19:12 **** Incremental Build of configuration Debug for project TIM2_I2C1_interrupt_priorities ****
make -j4 all 
arm-none-eabi-gcc "../Src/main.c" -mcpu=cortex-m4 -std=gnu11 -g3 -DDEBUG -DSTM32 -DSTM32F3 -DSTM32F303RETx -DNUCLEO_F303RE -c -I../Inc -O0 -ffunction-sections -fdata-sections -Wall -fstack-usage -fcyclomatic-complexity -MMD -MP -MF"Src/main.d" -MT"Src/main.o" --specs=nano.specs -mfpu=fpv4-sp-d16 -mfloat-abi=hard -mthumb -o "Src/main.o"
../Src/main.c: In function 'set_pending_irq':
../Src/main.c:80:14: warning: assignment to 'uint32_t' {aka 'long unsigned int'} from 'uint32_t *' {aka 'long unsigned int *'} makes integer from pointer without a cast [-Wint-conversion]
   80 |  *pNVIC_ISPR = (uint32_t*)(1<<(irq_no%32));
      |              ^
../Src/main.c: In function 'set_enable_irq':
../Src/main.c:87:14: warning: assignment to 'uint32_t' {aka 'long unsigned int'} from 'uint32_t *' {aka 'long unsigned int *'} makes integer from pointer without a cast [-Wint-conversion]
   87 |  *pNVIC_ISER = (uint32_t*)(1<<(irq_no%32));
      |              ^
arm-none-eabi-gcc -o "TIM2_I2C1_interrupt_priorities.elf" @"objects.list"   -mcpu=cortex-m4 -T"/home/patryk/Desktop/course_arm_cortex/TIM2_I2C1_interrupt_priorities/STM32F303RETX_FLASH.ld" --specs=nosys.specs -Wl,-Map="TIM2_I2C1_interrupt_priorities.map" -Wl,--gc-sections -static --specs=nano.specs -mfpu=fpv4-sp-d16 -mfloat-abi=hard -mthumb -Wl,--start-group -lc -lm -Wl,--end-group
Finished building target: TIM2_I2C1_interrupt_priorities.elf
 
arm-none-eabi-size   TIM2_I2C1_interrupt_priorities.elf 
arm-none-eabi-objdump -h -S  TIM2_I2C1_interrupt_priorities.elf  > "TIM2_I2C1_interrupt_priorities.list"
   text	   data	    bss	    dec	    hex	filename
   5600	    120	   1584	   7304	   1c88	TIM2_I2C1_interrupt_priorities.elf
Finished building: default.size.stdout
 
Finished building: TIM2_I2C1_interrupt_priorities.list
 
21:20:35 **** Incremental Build of configuration Debug for project TIM2_I2C1_interrupt_priorities ****
make -j4 all 
arm-none-eabi-size   TIM2_I2C1_interrupt_priorities.elf 
   text	   data	    bss	    dec	    hex	filename
   5600	    120	   1584	   7304	   1c88	TIM2_I2C1_interrupt_priorities.elf
Finished building: default.size.stdout
 
21:21:40 **** Incremental Build of configuration Debug for project TIM2_I2C1_interrupt_priorities ****
make -j4 all 
arm-none-eabi-size   TIM2_I2C1_interrupt_priorities.elf 
   text	   data	    bss	    dec	    hex	filename
   5600	    120	   1584	   7304	   1c88	TIM2_I2C1_interrupt_priorities.elf
Finished building: default.size.stdout
 
21:23:09 **** Incremental Build of configuration Debug for project TIM2_I2C1_interrupt_priorities ****
make -j4 all 
arm-none-eabi-size   TIM2_I2C1_interrupt_priorities.elf 
   text	   data	    bss	    dec	    hex	filename
   5600	    120	   1584	   7304	   1c88	TIM2_I2C1_interrupt_priorities.elf
Finished building: default.size.stdout
 
21:23:44 **** Incremental Build of configuration Debug for project TIM2_I2C1_interrupt_priorities ****
make -j4 all 
arm-none-eabi-size   TIM2_I2C1_interrupt_priorities.elf 
   text	   data	    bss	    dec	    hex	filename
   5600	    120	   1584	   7304	   1c88	TIM2_I2C1_interrupt_priorities.elf
Finished building: default.size.stdout
 
21:24:10 **** Incremental Build of configuration Debug for project TIM2_I2C1_interrupt_priorities ****
make -j4 all 
arm-none-eabi-size   TIM2_I2C1_interrupt_priorities.elf 
   text	   data	    bss	    dec	    hex	filename
   5600	    120	   1584	   7304	   1c88	TIM2_I2C1_interrupt_priorities.elf
Finished building: default.size.stdout
 
21:25:39 **** Incremental Build of configuration Debug for project TIM2_I2C1_interrupt_priorities ****
make -j4 all 
arm-none-eabi-gcc "../Src/syscalls.c" -mcpu=cortex-m4 -std=gnu11 -g3 -DDEBUG -DSTM32 -DSTM32F3 -DSTM32F303RETx -DNUCLEO_F303RE -c -I../Inc -O0 -ffunction-sections -fdata-sections -Wall -fstack-usage -fcyclomatic-complexity -MMD -MP -MF"Src/syscalls.d" -MT"Src/syscalls.o" --specs=nano.specs -mfpu=fpv4-sp-d16 -mfloat-abi=hard -mthumb -o "Src/syscalls.o"
arm-none-eabi-gcc -o "TIM2_I2C1_interrupt_priorities.elf" @"objects.list"   -mcpu=cortex-m4 -T"/home/patryk/Desktop/course_arm_cortex/TIM2_I2C1_interrupt_priorities/STM32F303RETX_FLASH.ld" --specs=nosys.specs -Wl,-Map="TIM2_I2C1_interrupt_priorities.map" -Wl,--gc-sections -static --specs=nano.specs -mfpu=fpv4-sp-d16 -mfloat-abi=hard -mthumb -Wl,--start-group -lc -lm -Wl,--end-group
Finished building target: TIM2_I2C1_interrupt_priorities.elf
 
arm-none-eabi-size   TIM2_I2C1_interrupt_priorities.elf 
arm-none-eabi-objdump -h -S  TIM2_I2C1_interrupt_priorities.elf  > "TIM2_I2C1_interrupt_priorities.list"
   text	   data	    bss	    dec	    hex	filename
   5604	    120	   1584	   7308	   1c8c	TIM2_I2C1_interrupt_priorities.elf
Finished building: default.size.stdout
 
Finished building: TIM2_I2C1_interrupt_priorities.list
 
21:26:11 **** Incremental Build of configuration Debug for project TIM2_I2C1_interrupt_priorities ****
make -j4 all 
arm-none-eabi-size   TIM2_I2C1_interrupt_priorities.elf 
   text	   data	    bss	    dec	    hex	filename
   5604	    120	   1584	   7308	   1c8c	TIM2_I2C1_interrupt_priorities.elf
Finished building: default.size.stdout
 
21:27:28 **** Incremental Build of configuration Debug for project TIM2_I2C1_interrupt_priorities ****
make -j4 all 
arm-none-eabi-gcc "../Src/syscalls.c" -mcpu=cortex-m4 -std=gnu11 -g3 -DDEBUG -DSTM32 -DSTM32F3 -DSTM32F303RETx -DNUCLEO_F303RE -c -I../Inc -O0 -ffunction-sections -fdata-sections -Wall -fstack-usage -fcyclomatic-complexity -MMD -MP -MF"Src/syscalls.d" -MT"Src/syscalls.o" --specs=nano.specs -mfpu=fpv4-sp-d16 -mfloat-abi=hard -mthumb -o "Src/syscalls.o"
arm-none-eabi-gcc -o "TIM2_I2C1_interrupt_priorities.elf" @"objects.list"   -mcpu=cortex-m4 -T"/home/patryk/Desktop/course_arm_cortex/TIM2_I2C1_interrupt_priorities/STM32F303RETX_FLASH.ld" --specs=nosys.specs -Wl,-Map="TIM2_I2C1_interrupt_priorities.map" -Wl,--gc-sections -static --specs=nano.specs -mfpu=fpv4-sp-d16 -mfloat-abi=hard -mthumb -Wl,--start-group -lc -lm -Wl,--end-group
Finished building target: TIM2_I2C1_interrupt_priorities.elf
 
arm-none-eabi-size   TIM2_I2C1_interrupt_priorities.elf 
arm-none-eabi-objdump -h -S  TIM2_I2C1_interrupt_priorities.elf  > "TIM2_I2C1_interrupt_priorities.list"
   text	   data	    bss	    dec	    hex	filename
   5604	    120	   1584	   7308	   1c8c	TIM2_I2C1_interrupt_priorities.elf
Finished building: default.size.stdout
 
Finished building: TIM2_I2C1_interrupt_priorities.list
 
21:28:15 **** Incremental Build of configuration Debug for project TIM2_I2C1_interrupt_priorities ****
make -j4 all 
arm-none-eabi-size   TIM2_I2C1_interrupt_priorities.elf 
   text	   data	    bss	    dec	    hex	filename
   5604	    120	   1584	   7308	   1c8c	TIM2_I2C1_interrupt_priorities.elf
Finished building: default.size.stdout
 
21:28:53 **** Incremental Build of configuration Debug for project TIM2_I2C1_interrupt_priorities ****
make -j4 all 
arm-none-eabi-size   TIM2_I2C1_interrupt_priorities.elf 
   text	   data	    bss	    dec	    hex	filename
   5604	    120	   1584	   7308	   1c8c	TIM2_I2C1_interrupt_priorities.elf
Finished building: default.size.stdout
 
19:00:56 **** Build of configuration Debug for project exception_entry_and_exit ****
make -j4 all 
arm-none-eabi-gcc -mcpu=cortex-m4 -g3 -DDEBUG -c -x assembler-with-cpp -MMD -MP -MF"Startup/startup_stm32f303retx.d" -MT"Startup/startup_stm32f303retx.o" --specs=nano.specs -mfpu=fpv4-sp-d16 -mfloat-abi=hard -mthumb -o "Startup/startup_stm32f303retx.o" "../Startup/startup_stm32f303retx.s"
arm-none-eabi-gcc "../Src/main.c" -mcpu=cortex-m4 -std=gnu11 -g3 -DDEBUG -DSTM32 -DSTM32F3 -DSTM32F303RETx -DNUCLEO_F303RE -c -I../Inc -O0 -ffunction-sections -fdata-sections -Wall -fstack-usage -fcyclomatic-complexity -MMD -MP -MF"Src/main.d" -MT"Src/main.o" --specs=nano.specs -mfpu=fpv4-sp-d16 -mfloat-abi=hard -mthumb -o "Src/main.o"
arm-none-eabi-gcc "../Src/syscalls.c" -mcpu=cortex-m4 -std=gnu11 -g3 -DDEBUG -DSTM32 -DSTM32F3 -DSTM32F303RETx -DNUCLEO_F303RE -c -I../Inc -O0 -ffunction-sections -fdata-sections -Wall -fstack-usage -fcyclomatic-complexity -MMD -MP -MF"Src/syscalls.d" -MT"Src/syscalls.o" --specs=nano.specs -mfpu=fpv4-sp-d16 -mfloat-abi=hard -mthumb -o "Src/syscalls.o"
arm-none-eabi-gcc "../Src/sysmem.c" -mcpu=cortex-m4 -std=gnu11 -g3 -DDEBUG -DSTM32 -DSTM32F3 -DSTM32F303RETx -DNUCLEO_F303RE -c -I../Inc -O0 -ffunction-sections -fdata-sections -Wall -fstack-usage -fcyclomatic-complexity -MMD -MP -MF"Src/sysmem.d" -MT"Src/sysmem.o" --specs=nano.specs -mfpu=fpv4-sp-d16 -mfloat-abi=hard -mthumb -o "Src/sysmem.o"
../Src/main.c:22:4: warning: #warning "FPU is not initialized, but the project is compiling for an FPU. Please initialize the FPU before use." [-Wcpp]
   22 |   #warning "FPU is not initialized, but the project is compiling for an FPU. Please initialize the FPU before use."
      |    ^~~~~~~
../Src/main.c: In function 'main':
../Src/main.c:28:2: warning: implicit declaration of function 'printf' [-Wimplicit-function-declaration]
   28 |  printf("Hello world!");
      |  ^~~~~~
../Src/main.c:28:2: warning: incompatible implicit declaration of built-in function 'printf'
../Src/main.c:20:1: note: include '<stdio.h>' or provide a declaration of 'printf'
   19 | #include <stdint.h>
  +++ |+#include <stdio.h>
   20 | 
arm-none-eabi-gcc -o "exception_entry_and_exit.elf" @"objects.list"   -mcpu=cortex-m4 -T"/home/patryk/Desktop/course_arm_cortex/exception_entry_and_exit/STM32F303RETX_FLASH.ld" --specs=nosys.specs -Wl,-Map="exception_entry_and_exit.map" -Wl,--gc-sections -static --specs=nano.specs -mfpu=fpv4-sp-d16 -mfloat-abi=hard -mthumb -Wl,--start-group -lc -lm -Wl,--end-group
Finished building target: exception_entry_and_exit.elf
 
arm-none-eabi-size   exception_entry_and_exit.elf 
arm-none-eabi-objdump -h -S  exception_entry_and_exit.elf  > "exception_entry_and_exit.list"
   text	   data	    bss	    dec	    hex	filename
   5296	    108	   1588	   6992	   1b50	exception_entry_and_exit.elf
Finished building: default.size.stdout
 
Finished building: exception_entry_and_exit.list
 
19:01:46 **** Incremental Build of configuration Debug for project exception_entry_and_exit ****
make -j4 all 
arm-none-eabi-gcc "../Src/main.c" -mcpu=cortex-m4 -std=gnu11 -g3 -DDEBUG -DSTM32 -DSTM32F3 -DSTM32F303RETx -DNUCLEO_F303RE -c -I../Inc -O0 -ffunction-sections -fdata-sections -Wall -fstack-usage -fcyclomatic-complexity -MMD -MP -MF"Src/main.d" -MT"Src/main.o" --specs=nano.specs -mfpu=fpv4-sp-d16 -mfloat-abi=hard -mthumb -o "Src/main.o"
arm-none-eabi-gcc -o "exception_entry_and_exit.elf" @"objects.list"   -mcpu=cortex-m4 -T"/home/patryk/Desktop/course_arm_cortex/exception_entry_and_exit/STM32F303RETX_FLASH.ld" --specs=nosys.specs -Wl,-Map="exception_entry_and_exit.map" -Wl,--gc-sections -static --specs=nano.specs -mfpu=fpv4-sp-d16 -mfloat-abi=hard -mthumb -Wl,--start-group -lc -lm -Wl,--end-group
Finished building target: exception_entry_and_exit.elf
 
arm-none-eabi-size   exception_entry_and_exit.elf 
arm-none-eabi-objdump -h -S  exception_entry_and_exit.elf  > "exception_entry_and_exit.list"
   text	   data	    bss	    dec	    hex	filename
   5296	    108	   1588	   6992	   1b50	exception_entry_and_exit.elf
Finished building: default.size.stdout
 
Finished building: exception_entry_and_exit.list
 
19:02:29 **** Incremental Build of configuration Debug for project exception_entry_and_exit ****
make -j4 all 
arm-none-eabi-size   exception_entry_and_exit.elf 
   text	   data	    bss	    dec	    hex	filename
   5296	    108	   1588	   6992	   1b50	exception_entry_and_exit.elf
Finished building: default.size.stdout
 
19:04:08 **** Incremental Build of configuration Debug for project exception_entry_and_exit ****
make -j4 all 
arm-none-eabi-size   exception_entry_and_exit.elf 
   text	   data	    bss	    dec	    hex	filename
   5296	    108	   1588	   6992	   1b50	exception_entry_and_exit.elf
Finished building: default.size.stdout
 
19:05:30 **** Build of configuration Debug for project hello_world ****
make -j4 all 
arm-none-eabi-size   hello_world.elf 
   text	   data	    bss	    dec	    hex	filename
   3772	    108	   1588	   5468	   155c	hello_world.elf
Finished building: default.size.stdout
 
19:08:16 **** Incremental Build of configuration Debug for project hello_world ****
make -j4 all 
arm-none-eabi-size   hello_world.elf 
   text	   data	    bss	    dec	    hex	filename
   3772	    108	   1588	   5468	   155c	hello_world.elf
Finished building: default.size.stdout
 
19:10:12 **** Incremental Build of configuration Debug for project hello_world ****
make -j4 all 
arm-none-eabi-size   hello_world.elf 
   text	   data	    bss	    dec	    hex	filename
   3772	    108	   1588	   5468	   155c	hello_world.elf
Finished building: default.size.stdout
 
19:10:50 **** Incremental Build of configuration Debug for project exception_entry_and_exit ****
make -j4 all 
arm-none-eabi-size   exception_entry_and_exit.elf 
   text	   data	    bss	    dec	    hex	filename
   5296	    108	   1588	   6992	   1b50	exception_entry_and_exit.elf
Finished building: default.size.stdout
 
19:12:08 **** Incremental Build of configuration Debug for project hello_world ****
make -j4 all 
arm-none-eabi-size   hello_world.elf 
   text	   data	    bss	    dec	    hex	filename
   3772	    108	   1588	   5468	   155c	hello_world.elf
Finished building: default.size.stdout
 
19:12:30 **** Incremental Build of configuration Debug for project hello_world ****
make -j4 all 
arm-none-eabi-size   hello_world.elf 
   text	   data	    bss	    dec	    hex	filename
   3772	    108	   1588	   5468	   155c	hello_world.elf
Finished building: default.size.stdout
 
19:23:37 **** Incremental Build of configuration Debug for project exception_entry_and_exit ****
make -j4 all 
arm-none-eabi-size   exception_entry_and_exit.elf 
   text	   data	    bss	    dec	    hex	filename
   5296	    108	   1588	   6992	   1b50	exception_entry_and_exit.elf
Finished building: default.size.stdout
 
19:28:35 **** Incremental Build of configuration Debug for project exception_entry_and_exit ****
make -j4 all 
arm-none-eabi-gcc "../Src/main.c" -mcpu=cortex-m4 -std=gnu11 -g3 -DDEBUG -DSTM32 -DSTM32F3 -DSTM32F303RETx -DNUCLEO_F303RE -c -I../Inc -O0 -ffunction-sections -fdata-sections -Wall -fstack-usage -fcyclomatic-complexity -MMD -MP -MF"Src/main.d" -MT"Src/main.o" --specs=nano.specs -mfpu=fpv4-sp-d16 -mfloat-abi=hard -mthumb -o "Src/main.o"
arm-none-eabi-gcc -o "exception_entry_and_exit.elf" @"objects.list"   -mcpu=cortex-m4 -T"/home/patryk/Desktop/course_arm_cortex/exception_entry_and_exit/STM32F303RETX_FLASH.ld" --specs=nosys.specs -Wl,-Map="exception_entry_and_exit.map" -Wl,--gc-sections -static --specs=nano.specs -mfpu=fpv4-sp-d16 -mfloat-abi=hard -mthumb -Wl,--start-group -lc -lm -Wl,--end-group
Finished building target: exception_entry_and_exit.elf
 
arm-none-eabi-size   exception_entry_and_exit.elf 
arm-none-eabi-objdump -h -S  exception_entry_and_exit.elf  > "exception_entry_and_exit.list"
   text	   data	    bss	    dec	    hex	filename
   3772	    108	   1588	   5468	   155c	exception_entry_and_exit.elf
Finished building: default.size.stdout
 
Finished building: exception_entry_and_exit.list
 
22:08:28 **** Incremental Build of configuration Debug for project exception_entry_and_exit ****
make -j4 all 
arm-none-eabi-size   exception_entry_and_exit.elf 
   text	   data	    bss	    dec	    hex	filename
   3772	    108	   1588	   5468	   155c	exception_entry_and_exit.elf
Finished building: default.size.stdout
 
23:13:24 **** Build of configuration Debug for project fault_handling_exercise1 ****
make -j4 all 
arm-none-eabi-gcc -mcpu=cortex-m4 -g3 -DDEBUG -c -x assembler-with-cpp -MMD -MP -MF"Startup/startup_stm32f303retx.d" -MT"Startup/startup_stm32f303retx.o" --specs=nano.specs -mfpu=fpv4-sp-d16 -mfloat-abi=hard -mthumb -o "Startup/startup_stm32f303retx.o" "../Startup/startup_stm32f303retx.s"
arm-none-eabi-gcc "../Src/main.c" -mcpu=cortex-m4 -std=gnu11 -g3 -DDEBUG -DSTM32 -DSTM32F3 -DSTM32F303RETx -DNUCLEO_F303RE -c -I../Inc -O0 -ffunction-sections -fdata-sections -Wall -fstack-usage -fcyclomatic-complexity -MMD -MP -MF"Src/main.d" -MT"Src/main.o" --specs=nano.specs -mfpu=fpv4-sp-d16 -mfloat-abi=hard -mthumb -o "Src/main.o"
arm-none-eabi-gcc "../Src/syscalls.c" -mcpu=cortex-m4 -std=gnu11 -g3 -DDEBUG -DSTM32 -DSTM32F3 -DSTM32F303RETx -DNUCLEO_F303RE -c -I../Inc -O0 -ffunction-sections -fdata-sections -Wall -fstack-usage -fcyclomatic-complexity -MMD -MP -MF"Src/syscalls.d" -MT"Src/syscalls.o" --specs=nano.specs -mfpu=fpv4-sp-d16 -mfloat-abi=hard -mthumb -o "Src/syscalls.o"
arm-none-eabi-gcc "../Src/sysmem.c" -mcpu=cortex-m4 -std=gnu11 -g3 -DDEBUG -DSTM32 -DSTM32F3 -DSTM32F303RETx -DNUCLEO_F303RE -c -I../Inc -O0 -ffunction-sections -fdata-sections -Wall -fstack-usage -fcyclomatic-complexity -MMD -MP -MF"Src/sysmem.d" -MT"Src/sysmem.o" --specs=nano.specs -mfpu=fpv4-sp-d16 -mfloat-abi=hard -mthumb -o "Src/sysmem.o"
../Src/main.c:22:4: warning: #warning "FPU is not initialized, but the project is compiling for an FPU. Please initialize the FPU before use." [-Wcpp]
   22 |   #warning "FPU is not initialized, but the project is compiling for an FPU. Please initialize the FPU before use."
      |    ^~~~~~~
../Src/main.c: In function 'main':
../Src/main.c:28:12: warning: unused variable 'shcrs' [-Wunused-variable]
   28 |  uint32_t *shcrs = (uint32_t*)0xE000ED24;
      |            ^~~~~
arm-none-eabi-gcc -o "fault_handling_exercise1.elf" @"objects.list"   -mcpu=cortex-m4 -T"/home/patryk/Desktop/course_arm_cortex/fault_handling_exercise1/STM32F303RETX_FLASH.ld" --specs=nosys.specs -Wl,-Map="fault_handling_exercise1.map" -Wl,--gc-sections -static --specs=nano.specs -mfpu=fpv4-sp-d16 -mfloat-abi=hard -mthumb -Wl,--start-group -lc -lm -Wl,--end-group
Finished building target: fault_handling_exercise1.elf
 
arm-none-eabi-size   fault_handling_exercise1.elf 
arm-none-eabi-objdump -h -S  fault_handling_exercise1.elf  > "fault_handling_exercise1.list"
   text	   data	    bss	    dec	    hex	filename
    664	      8	   1568	   2240	    8c0	fault_handling_exercise1.elf
Finished building: default.size.stdout
 
Finished building: fault_handling_exercise1.list
 
23:14:39 **** Incremental Build of configuration Debug for project fault_handling_exercise1 ****
make -j4 all 
arm-none-eabi-gcc "../Src/main.c" -mcpu=cortex-m4 -std=gnu11 -g3 -DDEBUG -DSTM32 -DSTM32F3 -DSTM32F303RETx -DNUCLEO_F303RE -c -I../Inc -O0 -ffunction-sections -fdata-sections -Wall -fstack-usage -fcyclomatic-complexity -MMD -MP -MF"Src/main.d" -MT"Src/main.o" --specs=nano.specs -mfpu=fpv4-sp-d16 -mfloat-abi=hard -mthumb -o "Src/main.o"
../Src/main.c:22:4: warning: #warning "FPU is not initialized, but the project is compiling for an FPU. Please initialize the FPU before use." [-Wcpp]
   22 |   #warning "FPU is not initialized, but the project is compiling for an FPU. Please initialize the FPU before use."
      |    ^~~~~~~
arm-none-eabi-gcc -o "fault_handling_exercise1.elf" @"objects.list"   -mcpu=cortex-m4 -T"/home/patryk/Desktop/course_arm_cortex/fault_handling_exercise1/STM32F303RETX_FLASH.ld" --specs=nosys.specs -Wl,-Map="fault_handling_exercise1.map" -Wl,--gc-sections -static --specs=nano.specs -mfpu=fpv4-sp-d16 -mfloat-abi=hard -mthumb -Wl,--start-group -lc -lm -Wl,--end-group
Finished building target: fault_handling_exercise1.elf
 
arm-none-eabi-size   fault_handling_exercise1.elf 
arm-none-eabi-objdump -h -S  fault_handling_exercise1.elf  > "fault_handling_exercise1.list"
   text	   data	    bss	    dec	    hex	filename
    688	      8	   1568	   2264	    8d8	fault_handling_exercise1.elf
Finished building: default.size.stdout
 
Finished building: fault_handling_exercise1.list
 
23:17:31 **** Incremental Build of configuration Debug for project fault_handling_exercise1 ****
make -j4 all 
arm-none-eabi-gcc "../Src/main.c" -mcpu=cortex-m4 -std=gnu11 -g3 -DDEBUG -DSTM32 -DSTM32F3 -DSTM32F303RETx -DNUCLEO_F303RE -c -I../Inc -O0 -ffunction-sections -fdata-sections -Wall -fstack-usage -fcyclomatic-complexity -MMD -MP -MF"Src/main.d" -MT"Src/main.o" --specs=nano.specs -mfpu=fpv4-sp-d16 -mfloat-abi=hard -mthumb -o "Src/main.o"
../Src/main.c:22:4: warning: #warning "FPU is not initialized, but the project is compiling for an FPU. Please initialize the FPU before use." [-Wcpp]
   22 |   #warning "FPU is not initialized, but the project is compiling for an FPU. Please initialize the FPU before use."
      |    ^~~~~~~
arm-none-eabi-gcc -o "fault_handling_exercise1.elf" @"objects.list"   -mcpu=cortex-m4 -T"/home/patryk/Desktop/course_arm_cortex/fault_handling_exercise1/STM32F303RETX_FLASH.ld" --specs=nosys.specs -Wl,-Map="fault_handling_exercise1.map" -Wl,--gc-sections -static --specs=nano.specs -mfpu=fpv4-sp-d16 -mfloat-abi=hard -mthumb -Wl,--start-group -lc -lm -Wl,--end-group
Finished building target: fault_handling_exercise1.elf
 
arm-none-eabi-size   fault_handling_exercise1.elf 
arm-none-eabi-objdump -h -S  fault_handling_exercise1.elf  > "fault_handling_exercise1.list"
   text	   data	    bss	    dec	    hex	filename
    700	      8	   1568	   2276	    8e4	fault_handling_exercise1.elf
Finished building: default.size.stdout
 
Finished building: fault_handling_exercise1.list
 
23:22:45 **** Incremental Build of configuration Debug for project fault_handling_exercise1 ****
make -j4 all 
arm-none-eabi-gcc "../Src/main.c" -mcpu=cortex-m4 -std=gnu11 -g3 -DDEBUG -DSTM32 -DSTM32F3 -DSTM32F303RETx -DNUCLEO_F303RE -c -I../Inc -O0 -ffunction-sections -fdata-sections -Wall -fstack-usage -fcyclomatic-complexity -MMD -MP -MF"Src/main.d" -MT"Src/main.o" --specs=nano.specs -mfpu=fpv4-sp-d16 -mfloat-abi=hard -mthumb -o "Src/main.o"
arm-none-eabi-gcc "../Src/syscalls.c" -mcpu=cortex-m4 -std=gnu11 -g3 -DDEBUG -DSTM32 -DSTM32F3 -DSTM32F303RETx -DNUCLEO_F303RE -c -I../Inc -O0 -ffunction-sections -fdata-sections -Wall -fstack-usage -fcyclomatic-complexity -MMD -MP -MF"Src/syscalls.d" -MT"Src/syscalls.o" --specs=nano.specs -mfpu=fpv4-sp-d16 -mfloat-abi=hard -mthumb -o "Src/syscalls.o"
/tmp/cc8YLQM6.s: Assembler messages:
/tmp/cc8YLQM6.s:104: Error: bad instruction `niggalamp'
make: *** [Src/subdir.mk:25: Src/main.o] Error 1
make: *** Waiting for unfinished jobs....
"make -j4 all" terminated with exit code 2. Build might be incomplete.
23:25:06 **** Incremental Build of configuration Debug for project fault_handling_exercise1 ****
make -j4 all 
arm-none-eabi-gcc "../Src/main.c" -mcpu=cortex-m4 -std=gnu11 -g3 -DDEBUG -DSTM32 -DSTM32F3 -DSTM32F303RETx -DNUCLEO_F303RE -c -I../Inc -O0 -ffunction-sections -fdata-sections -Wall -fstack-usage -fcyclomatic-complexity -MMD -MP -MF"Src/main.d" -MT"Src/main.o" --specs=nano.specs -mfpu=fpv4-sp-d16 -mfloat-abi=hard -mthumb -o "Src/main.o"
arm-none-eabi-gcc -o "fault_handling_exercise1.elf" @"objects.list"   -mcpu=cortex-m4 -T"/home/patryk/Desktop/course_arm_cortex/fault_handling_exercise1/STM32F303RETX_FLASH.ld" --specs=nosys.specs -Wl,-Map="fault_handling_exercise1.map" -Wl,--gc-sections -static --specs=nano.specs -mfpu=fpv4-sp-d16 -mfloat-abi=hard -mthumb -Wl,--start-group -lc -lm -Wl,--end-group
Finished building target: fault_handling_exercise1.elf
 
arm-none-eabi-size   fault_handling_exercise1.elf 
arm-none-eabi-objdump -h -S  fault_handling_exercise1.elf  > "fault_handling_exercise1.list"
   text	   data	    bss	    dec	    hex	filename
   5464	    108	   1588	   7160	   1bf8	fault_handling_exercise1.elf
Finished building: default.size.stdout
 
Finished building: fault_handling_exercise1.list
 
23:25:57 **** Incremental Build of configuration Debug for project fault_handling_exercise1 ****
make -j4 all 
arm-none-eabi-gcc "../Src/main.c" -mcpu=cortex-m4 -std=gnu11 -g3 -DDEBUG -DSTM32 -DSTM32F3 -DSTM32F303RETx -DNUCLEO_F303RE -c -I../Inc -O0 -ffunction-sections -fdata-sections -Wall -fstack-usage -fcyclomatic-complexity -MMD -MP -MF"Src/main.d" -MT"Src/main.o" --specs=nano.specs -mfpu=fpv4-sp-d16 -mfloat-abi=hard -mthumb -o "Src/main.o"
arm-none-eabi-gcc -o "fault_handling_exercise1.elf" @"objects.list"   -mcpu=cortex-m4 -T"/home/patryk/Desktop/course_arm_cortex/fault_handling_exercise1/STM32F303RETX_FLASH.ld" --specs=nosys.specs -Wl,-Map="fault_handling_exercise1.map" -Wl,--gc-sections -static --specs=nano.specs -mfpu=fpv4-sp-d16 -mfloat-abi=hard -mthumb -Wl,--start-group -lc -lm -Wl,--end-group
Finished building target: fault_handling_exercise1.elf
 
arm-none-eabi-size   fault_handling_exercise1.elf 
arm-none-eabi-objdump -h -S  fault_handling_exercise1.elf  > "fault_handling_exercise1.list"
   text	   data	    bss	    dec	    hex	filename
   5452	    108	   1588	   7148	   1bec	fault_handling_exercise1.elf
Finished building: default.size.stdout
 
Finished building: fault_handling_exercise1.list
 
23:26:04 **** Incremental Build of configuration Debug for project fault_handling_exercise1 ****
make -j4 all 
arm-none-eabi-size   fault_handling_exercise1.elf 
   text	   data	    bss	    dec	    hex	filename
   5452	    108	   1588	   7148	   1bec	fault_handling_exercise1.elf
Finished building: default.size.stdout
 
23:30:25 **** Incremental Build of configuration Debug for project fault_handling_exercise1 ****
make -j4 all 
arm-none-eabi-gcc "../Src/main.c" -mcpu=cortex-m4 -std=gnu11 -g3 -DDEBUG -DSTM32 -DSTM32F3 -DSTM32F303RETx -DNUCLEO_F303RE -c -I../Inc -O0 -ffunction-sections -fdata-sections -Wall -fstack-usage -fcyclomatic-complexity -MMD -MP -MF"Src/main.d" -MT"Src/main.o" --specs=nano.specs -mfpu=fpv4-sp-d16 -mfloat-abi=hard -mthumb -o "Src/main.o"
../Src/main.c: In function 'MemManage_Handler':
../Src/main.c:53:18: warning: initialization of 'uint8_t *' {aka 'unsigned char *'} from 'unsigned int' makes pointer from integer without a cast [-Wint-conversion]
   53 |  uint8_t* MMSR = 0xE000ED28;
      |                  ^~~~~~~~~~
arm-none-eabi-gcc -o "fault_handling_exercise1.elf" @"objects.list"   -mcpu=cortex-m4 -T"/home/patryk/Desktop/course_arm_cortex/fault_handling_exercise1/STM32F303RETX_FLASH.ld" --specs=nosys.specs -Wl,-Map="fault_handling_exercise1.map" -Wl,--gc-sections -static --specs=nano.specs -mfpu=fpv4-sp-d16 -mfloat-abi=hard -mthumb -Wl,--start-group -lc -lm -Wl,--end-group
Finished building target: fault_handling_exercise1.elf
 
arm-none-eabi-size   fault_handling_exercise1.elf 
arm-none-eabi-objdump -h -S  fault_handling_exercise1.elf  > "fault_handling_exercise1.list"
   text	   data	    bss	    dec	    hex	filename
   5504	    108	   1588	   7200	   1c20	fault_handling_exercise1.elf
Finished building: default.size.stdout
 
Finished building: fault_handling_exercise1.list
 
23:32:47 **** Incremental Build of configuration Debug for project fault_handling_exercise1 ****
make -j4 all 
arm-none-eabi-gcc "../Src/main.c" -mcpu=cortex-m4 -std=gnu11 -g3 -DDEBUG -DSTM32 -DSTM32F3 -DSTM32F303RETx -DNUCLEO_F303RE -c -I../Inc -O0 -ffunction-sections -fdata-sections -Wall -fstack-usage -fcyclomatic-complexity -MMD -MP -MF"Src/main.d" -MT"Src/main.o" --specs=nano.specs -mfpu=fpv4-sp-d16 -mfloat-abi=hard -mthumb -o "Src/main.o"
../Src/main.c: In function 'MemManage_Handler':
../Src/main.c:53:18: warning: initialization of 'uint8_t *' {aka 'unsigned char *'} from 'unsigned int' makes pointer from integer without a cast [-Wint-conversion]
   53 |  uint8_t* MMSR = 0xE000ED28;
      |                  ^~~~~~~~~~
arm-none-eabi-gcc -o "fault_handling_exercise1.elf" @"objects.list"   -mcpu=cortex-m4 -T"/home/patryk/Desktop/course_arm_cortex/fault_handling_exercise1/STM32F303RETX_FLASH.ld" --specs=nosys.specs -Wl,-Map="fault_handling_exercise1.map" -Wl,--gc-sections -static --specs=nano.specs -mfpu=fpv4-sp-d16 -mfloat-abi=hard -mthumb -Wl,--start-group -lc -lm -Wl,--end-group
Finished building target: fault_handling_exercise1.elf
 
arm-none-eabi-size   fault_handling_exercise1.elf 
arm-none-eabi-objdump -h -S  fault_handling_exercise1.elf  > "fault_handling_exercise1.list"
   text	   data	    bss	    dec	    hex	filename
   5504	    108	   1588	   7200	   1c20	fault_handling_exercise1.elf
Finished building: default.size.stdout
 
Finished building: fault_handling_exercise1.list
 
23:38:10 **** Incremental Build of configuration Debug for project fault_handling_exercise1 ****
make -j4 all 
arm-none-eabi-gcc "../Src/main.c" -mcpu=cortex-m4 -std=gnu11 -g3 -DDEBUG -DSTM32 -DSTM32F3 -DSTM32F303RETx -DNUCLEO_F303RE -c -I../Inc -O0 -ffunction-sections -fdata-sections -Wall -fstack-usage -fcyclomatic-complexity -MMD -MP -MF"Src/main.d" -MT"Src/main.o" --specs=nano.specs -mfpu=fpv4-sp-d16 -mfloat-abi=hard -mthumb -o "Src/main.o"
../Src/main.c: In function 'divide_by_0':
../Src/main.c:32:11: warning: division by zero [-Wdiv-by-zero]
   32 |  return 12/0;
      |           ^
../Src/main.c:32:11: warning: 'return' with a value, in function returning void [-Wreturn-type]
   32 |  return 12/0;
      |         ~~^~
../Src/main.c:31:6: note: declared here
   31 | void divide_by_0(void){
      |      ^~~~~~~~~~~
arm-none-eabi-gcc -o "fault_handling_exercise1.elf" @"objects.list"   -mcpu=cortex-m4 -T"/home/patryk/Desktop/course_arm_cortex/fault_handling_exercise1/STM32F303RETX_FLASH.ld" --specs=nosys.specs -Wl,-Map="fault_handling_exercise1.map" -Wl,--gc-sections -static --specs=nano.specs -mfpu=fpv4-sp-d16 -mfloat-abi=hard -mthumb -Wl,--start-group -lc -lm -Wl,--end-group
Finished building target: fault_handling_exercise1.elf
 
arm-none-eabi-size   fault_handling_exercise1.elf 
arm-none-eabi-objdump -h -S  fault_handling_exercise1.elf  > "fault_handling_exercise1.list"
   text	   data	    bss	    dec	    hex	filename
   5480	    108	   1588	   7176	   1c08	fault_handling_exercise1.elf
Finished building: default.size.stdout
 
Finished building: fault_handling_exercise1.list
 
23:40:28 **** Incremental Build of configuration Debug for project fault_handling_exercise1 ****
make -j4 all 
arm-none-eabi-size   fault_handling_exercise1.elf 
   text	   data	    bss	    dec	    hex	filename
   5480	    108	   1588	   7176	   1c08	fault_handling_exercise1.elf
Finished building: default.size.stdout
 
23:42:18 **** Incremental Build of configuration Debug for project fault_handling_exercise1 ****
make -j4 all 
arm-none-eabi-size   fault_handling_exercise1.elf 
   text	   data	    bss	    dec	    hex	filename
   5480	    108	   1588	   7176	   1c08	fault_handling_exercise1.elf
Finished building: default.size.stdout
 
23:44:16 **** Incremental Build of configuration Debug for project fault_handling_exercise1 ****
make -j4 all 
arm-none-eabi-size   fault_handling_exercise1.elf 
   text	   data	    bss	    dec	    hex	filename
   5480	    108	   1588	   7176	   1c08	fault_handling_exercise1.elf
Finished building: default.size.stdout
 
23:44:20 **** Incremental Build of configuration Debug for project fault_handling_exercise1 ****
make -j4 all 
arm-none-eabi-size   fault_handling_exercise1.elf 
   text	   data	    bss	    dec	    hex	filename
   5480	    108	   1588	   7176	   1c08	fault_handling_exercise1.elf
Finished building: default.size.stdout
 
23:44:25 **** Incremental Build of configuration Debug for project fault_handling_exercise1 ****
make -j4 all 
arm-none-eabi-size   fault_handling_exercise1.elf 
   text	   data	    bss	    dec	    hex	filename
   5480	    108	   1588	   7176	   1c08	fault_handling_exercise1.elf
Finished building: default.size.stdout
 
23:46:03 **** Incremental Build of configuration Debug for project fault_handling_exercise1 ****
make -j4 all 
arm-none-eabi-gcc "../Src/main.c" -mcpu=cortex-m4 -std=gnu11 -g3 -DDEBUG -DSTM32 -DSTM32F3 -DSTM32F303RETx -DNUCLEO_F303RE -c -I../Inc -O0 -ffunction-sections -fdata-sections -Wall -fstack-usage -fcyclomatic-complexity -MMD -MP -MF"Src/main.d" -MT"Src/main.o" --specs=nano.specs -mfpu=fpv4-sp-d16 -mfloat-abi=hard -mthumb -o "Src/main.o"
../Src/main.c: In function 'divide_by_0':
../Src/main.c:32:11: warning: division by zero [-Wdiv-by-zero]
   32 |  return 12/0;
      |           ^
../Src/main.c:32:11: warning: 'return' with a value, in function returning void [-Wreturn-type]
   32 |  return 12/0;
      |         ~~^~
../Src/main.c:31:6: note: declared here
   31 | void divide_by_0(void){
      |      ^~~~~~~~~~~
arm-none-eabi-gcc -o "fault_handling_exercise1.elf" @"objects.list"   -mcpu=cortex-m4 -T"/home/patryk/Desktop/course_arm_cortex/fault_handling_exercise1/STM32F303RETX_FLASH.ld" --specs=nosys.specs -Wl,-Map="fault_handling_exercise1.map" -Wl,--gc-sections -static --specs=nano.specs -mfpu=fpv4-sp-d16 -mfloat-abi=hard -mthumb -Wl,--start-group -lc -lm -Wl,--end-group
Finished building target: fault_handling_exercise1.elf
 
arm-none-eabi-size   fault_handling_exercise1.elf 
arm-none-eabi-objdump -h -S  fault_handling_exercise1.elf  > "fault_handling_exercise1.list"
   text	   data	    bss	    dec	    hex	filename
   5452	    108	   1588	   7148	   1bec	fault_handling_exercise1.elf
Finished building: default.size.stdout
 
Finished building: fault_handling_exercise1.list
 
23:46:53 **** Incremental Build of configuration Debug for project fault_handling_exercise1 ****
make -j4 all 
arm-none-eabi-gcc "../Src/main.c" -mcpu=cortex-m4 -std=gnu11 -g3 -DDEBUG -DSTM32 -DSTM32F3 -DSTM32F303RETx -DNUCLEO_F303RE -c -I../Inc -O0 -ffunction-sections -fdata-sections -Wall -fstack-usage -fcyclomatic-complexity -MMD -MP -MF"Src/main.d" -MT"Src/main.o" --specs=nano.specs -mfpu=fpv4-sp-d16 -mfloat-abi=hard -mthumb -o "Src/main.o"
../Src/main.c: In function 'divide_by_0':
../Src/main.c:32:19: warning: division by zero [-Wdiv-by-zero]
   32 |  uint8_t test = 12/0;
      |                   ^
../Src/main.c:33:9: warning: 'return' with a value, in function returning void [-Wreturn-type]
   33 |  return test;
      |         ^~~~
../Src/main.c:31:6: note: declared here
   31 | void divide_by_0(void){
      |      ^~~~~~~~~~~
arm-none-eabi-gcc -o "fault_handling_exercise1.elf" @"objects.list"   -mcpu=cortex-m4 -T"/home/patryk/Desktop/course_arm_cortex/fault_handling_exercise1/STM32F303RETX_FLASH.ld" --specs=nosys.specs -Wl,-Map="fault_handling_exercise1.map" -Wl,--gc-sections -static --specs=nano.specs -mfpu=fpv4-sp-d16 -mfloat-abi=hard -mthumb -Wl,--start-group -lc -lm -Wl,--end-group
Finished building target: fault_handling_exercise1.elf
 
arm-none-eabi-size   fault_handling_exercise1.elf 
arm-none-eabi-objdump -h -S  fault_handling_exercise1.elf  > "fault_handling_exercise1.list"
   text	   data	    bss	    dec	    hex	filename
   5468	    108	   1588	   7164	   1bfc	fault_handling_exercise1.elf
Finished building: default.size.stdout
 
Finished building: fault_handling_exercise1.list
 
23:52:31 **** Incremental Build of configuration Debug for project fault_handling_exercise1 ****
make -j4 all 
arm-none-eabi-gcc "../Src/main.c" -mcpu=cortex-m4 -std=gnu11 -g3 -DDEBUG -DSTM32 -DSTM32F3 -DSTM32F303RETx -DNUCLEO_F303RE -c -I../Inc -O0 -ffunction-sections -fdata-sections -Wall -fstack-usage -fcyclomatic-complexity -MMD -MP -MF"Src/main.d" -MT"Src/main.o" --specs=nano.specs -mfpu=fpv4-sp-d16 -mfloat-abi=hard -mthumb -o "Src/main.o"
../Src/main.c: In function 'divide_by_0':
../Src/main.c:32:19: warning: division by zero [-Wdiv-by-zero]
   32 |  uint8_t test = 12/0;
      |                   ^
../Src/main.c:33:9: warning: 'return' with a value, in function returning void [-Wreturn-type]
   33 |  return test;
      |         ^~~~
../Src/main.c:31:6: note: declared here
   31 | void divide_by_0(void){
      |      ^~~~~~~~~~~
arm-none-eabi-gcc -o "fault_handling_exercise1.elf" @"objects.list"   -mcpu=cortex-m4 -T"/home/patryk/Desktop/course_arm_cortex/fault_handling_exercise1/STM32F303RETX_FLASH.ld" --specs=nosys.specs -Wl,-Map="fault_handling_exercise1.map" -Wl,--gc-sections -static --specs=nano.specs -mfpu=fpv4-sp-d16 -mfloat-abi=hard -mthumb -Wl,--start-group -lc -lm -Wl,--end-group
Finished building target: fault_handling_exercise1.elf
 
arm-none-eabi-size   fault_handling_exercise1.elf 
arm-none-eabi-objdump -h -S  fault_handling_exercise1.elf  > "fault_handling_exercise1.list"
   text	   data	    bss	    dec	    hex	filename
   5464	    108	   1588	   7160	   1bf8	fault_handling_exercise1.elf
Finished building: default.size.stdout
 
Finished building: fault_handling_exercise1.list
 
