00:16:47 **** Incremental Build of configuration Debug for project operation_modes ****
make -j4 all 
arm-none-eabi-gcc "../Src/main.c" -mcpu=cortex-m4 -std=gnu11 -g3 -DDEBUG -DSTM32 -DSTM32F3 -DSTM32F303RETx -DNUCLEO_F303RE -c -I../Inc -O0 -ffunction-sections -fdata-sections -Wall -fstack-usage -fcyclomatic-complexity -MMD -MP -MF"Src/main.d" -MT"Src/main.o" --specs=nano.specs -mfpu=fpv4-sp-d16 -mfloat-abi=hard -mthumb -o "Src/main.o"
arm-none-eabi-gcc -o "operation_modes.elf" @"objects.list"   -mcpu=cortex-m4 -T"/home/patryk/Desktop/course_arm_cortex/operation_modes/STM32F303RETX_FLASH.ld" --specs=nosys.specs -Wl,-Map="operation_modes.map" -Wl,--gc-sections -static --specs=nano.specs -mfpu=fpv4-sp-d16 -mfloat-abi=hard -mthumb -Wl,--start-group -lc -lm -Wl,--end-group
Finished building target: operation_modes.elf
 
arm-none-eabi-size   operation_modes.elf 
arm-none-eabi-objdump -h -S  operation_modes.elf  > "operation_modes.list"
   text	   data	    bss	    dec	    hex	filename
   3944	    108	   1588	   5640	   1608	operation_modes.elf
Finished building: default.size.stdout
 
Finished building: operation_modes.list
 

00:16:48 Build Finished. 0 errors, 0 warnings. (took 1s.139ms)

