15:39:26 **** Incremental Build of configuration Debug for project SVC_EXERCISE_MY_APPROACH ****
make -j4 all 
arm-none-eabi-gcc "../Src/main.c" -mcpu=cortex-m4 -std=gnu11 -g3 -DDEBUG -DSTM32 -DSTM32F3 -DSTM32F303RETx -DNUCLEO_F303RE -c -I../Inc -O0 -ffunction-sections -fdata-sections -Wall -fstack-usage -fcyclomatic-complexity -MMD -MP -MF"Src/main.d" -MT"Src/main.o" --specs=nano.specs -mfpu=fpv4-sp-d16 -mfloat-abi=hard -mthumb -o "Src/main.o"
arm-none-eabi-gcc -o "SVC_EXERCISE_MY_APPROACH.elf" @"objects.list"   -mcpu=cortex-m4 -T"/home/patryk/Desktop/course_arm_cortex/SVC_EXERCISE_MY_APPROACH/STM32F303RETX_FLASH.ld" --specs=nosys.specs -Wl,-Map="SVC_EXERCISE_MY_APPROACH.map" -Wl,--gc-sections -static --specs=nano.specs -mfpu=fpv4-sp-d16 -mfloat-abi=hard -mthumb -Wl,--start-group -lc -lm -Wl,--end-group
Finished building target: SVC_EXERCISE_MY_APPROACH.elf
 
arm-none-eabi-size   SVC_EXERCISE_MY_APPROACH.elf 
arm-none-eabi-objdump -h -S  SVC_EXERCISE_MY_APPROACH.elf  > "SVC_EXERCISE_MY_APPROACH.list"
   text	   data	    bss	    dec	    hex	filename
   5600	    108	   1588	   7296	   1c80	SVC_EXERCISE_MY_APPROACH.elf
Finished building: default.size.stdout
 
Finished building: SVC_EXERCISE_MY_APPROACH.list
 

15:39:27 Build Finished. 0 errors, 0 warnings. (took 1s.238ms)

